
c parsing input formula with 5105 variables and 139662 clauses

c WARNING: deleted clause on proof line 258736 does not occur: [0] -1482 935 971 0

c WARNING: deleted clause on proof line 258871 does not occur: [0] -1605 9 16 23 24 25 26 27 36 47 477 510 551 552 553 555 675 909 942 975 982 989 1003 1119 0

c WARNING: deleted clause on proof line 258929 does not occur: [0] -1629 82 96 510 553 612 675 730 942 989 1036 1119 1180 0

c WARNING: deleted clause on proof line 258946 does not occur: [0] -1637 150 155 160 162 163 164 171 544 664 665 666 668 721 766 982 1098 1103 1110 1119 1173 0

c WARNING: deleted clause on proof line 258974 does not occur: [0] -1639 151 156 162 163 164 165 172 665 666 668 669 767 1099 1104 0

c WARNING: deleted clause on proof line 258988 does not occur: [0] -1641 155 162 169 171 172 173 193 553 673 674 675 677 730 775 989 1103 1110 1119 1137 1180 0

c WARNING: deleted clause on proof line 259006 does not occur: [0] -1643 156 163 171 172 173 174 194 674 675 677 678 776 1104 0

c WARNING: deleted clause on proof line 259018 does not occur: [0] -1647 225 231 232 233 241 721 723 767 1167 1284 0

c WARNING: deleted clause on proof line 259028 does not occur: [0] -1649 224 231 238 240 241 242 262 675 728 729 730 732 775 814 1119 1166 1173 1180 1198 1290 0

c WARNING: deleted clause on proof line 259045 does not occur: [0] -1651 225 232 240 241 242 243 263 729 730 732 733 776 815 1167 1291 0

c WARNING: deleted clause on proof line 259108 does not occur: [0] -1683 2 5 8 9 10 11 12 17 26 470 503 536 537 538 539 540 599 660 902 935 968 971 976 1104 0

c WARNING: deleted clause on proof line 259180 does not occur: [0] -1703 75 81 82 84 85 503 538 597 598 599 600 601 660 719 935 976 1029 1104 1167 0

c WARNING: deleted clause on proof line 259276 does not occur: [0] -1783 226 231 232 233 242 253 668 721 723 768 1112 1168 1175 1182 1230 1285 0

c WARNING: deleted clause on proof line 259292 does not occur: [0] -1785 226 233 240 241 242 243 244 253 264 677 730 732 733 734 777 816 1121 1168 1175 1182 1200 1237 1292 0

c WARNING: deleted clause on proof line 259530 does not occur: [0] -1910 148 151 154 155 156 157 158 163 172 538 599 658 659 660 661 662 719 764 976 1096 1099 1104 1167 1222 0

c WARNING: deleted clause on proof line 259601 does not occur: [0] -1920 158 163 164 165 166 174 185 547 668 669 670 985 1106 1113 1122 0

c WARNING: deleted clause on proof line 259644 does not occur: [0] -1924 223 224 225 226 232 241 599 660 718 719 720 764 1104 1167 1222 1277 0

c WARNING: deleted clause on proof line 259683 does not occur: [0] -1928 284 285 286 287 660 719 763 764 765 1104 1167 1222 1277 0

c WARNING: deleted clause on proof line 259784 does not occur: [0] -1948 148 150 151 152 156 163 971 1096 1099 1104 0

c WARNING: deleted clause on proof line 259815 does not occur: [0] -1952 162 171 184 193 202 1110 1119 1137 1144 0

c WARNING: deleted clause on proof line 259825 does not occur: [0] -1954 163 172 184 185 194 203 0

c WARNING: deleted clause on proof line 259915 does not occur: [0] -1982 158 165 172 173 174 175 176 185 196 556 677 678 679 680 733 778 992 1106 1113 1122 1140 1183 1238 0

c WARNING: deleted clause on proof line 259937 does not occur: [0] -1984 285 303 675 730 773 774 775 776 777 814 845 1119 1180 1221 1290 1331 0

c WARNING: deleted clause on proof line 259953 does not occur: [0] -1986 286 303 304 774 775 776 777 778 815 846 1222 1291 1332 0

c WARNING: deleted clause on proof line 259967 does not occur: [0] -1988 171 191 193 194 195 202 209 575 695 696 697 699 752 797 1003 1119 1137 1144 1151 1198 0

c WARNING: deleted clause on proof line 260014 does not occur: [0] -2070 164 173 184 185 186 195 204 690 1112 1121 1139 1146 1246 0

c WARNING: deleted clause on proof line 260034 does not occur: [0] -2076 231 240 253 262 271 1173 1180 1198 1207 0

c WARNING: deleted clause on proof line 260097 does not occur: [0] -2137 165 174 184 185 186 187 196 205 690 691 1113 1122 1140 1147 1247 0

c WARNING: deleted clause on proof line 260098 does not occur: [0] -2139 232 241 253 254 263 272 0

c WARNING: deleted clause on proof line 260147 does not occur: [0] -2176 166 175 184 185 186 187 188 197 206 568 690 691 692 745 790 1000 1065 1114 1123 1132 1141 1148 1193 1248 0

c WARNING: deleted clause on proof line 260182 does not occur: [0] -2178 233 242 253 254 255 264 273 745 827 1175 1182 1200 1209 1246 1299 0

c WARNING: deleted clause on proof line 260270 does not occur: [0] -2241 174 185 194 195 196 197 198 205 212 578 699 700 701 702 755 800 1006 1122 1140 1147 1154 1201 1256 0

c WARNING: deleted clause on proof line 260371 does not occur: [0] -2287 242 253 262 263 264 265 266 273 280 699 752 754 755 756 799 838 1139 1182 1200 1209 1216 1255 1306 0

c WARNING: deleted clause on proof line 260507 does not occur: [0] -2382 232 233 243 254 669 723 1113 1183 0

c WARNING: deleted clause on proof line 260597 does not occur: [0] -2399 1902 1914 1924 2374 2376 2378 2390 2398 0

c WARNING: deleted clause on proof line 260623 does not occur: [0] -2403 1623 1647 1783 1920 2382 2384 2394 2402 0

c WARNING: deleted clause on proof line 260675 does not occur: [0] -2432 241 242 243 244 254 265 678 732 733 734 778 817 1122 1183 1201 1238 0

c WARNING: deleted clause on proof line 260691 does not occur: [0] -2434 243 253 254 255 265 745 828 1183 1201 1247 0

c WARNING: deleted clause on proof line 260716 does not occur: [0] -2443 1623 1920 2376 2382 2394 2402 2432 2434 0

c WARNING: deleted clause on proof line 260862 does not occur: [0] -2540 150 151 154 1102 0

c WARNING: deleted clause on proof line 260970 does not occur: [0] -2747 253 264 271 272 273 280 708 757 759 804 1146 1200 1209 1216 1264 1313 0

c WARNING: deleted clause on proof line 261066 does not occur: [0] -2853 75 1029 0

c WARNING: deleted clause on proof line 261100 does not occur: [0] -2880 1914 1944 2409 2411 2415 2877 0

c WARNING: deleted clause on proof line 261140 does not occur: [0] -2886 1914 1920 1948 2411 2413 2415 2883 0

c WARNING: deleted clause on proof line 261207 does not occur: [0] -2912 225 232 1099 1167 0

c WARNING: deleted clause on proof line 261223 does not occur: [0] -2920 285 1098 1221 0

c WARNING: deleted clause on proof line 261237 does not occur: [0] -2922 286 1099 1222 0

c WARNING: deleted clause on proof line 261263 does not occur: [0] -2927 1853 1948 2330 2413 2415 2883 0

c WARNING: deleted clause on proof line 261296 does not occur: [0] -2947 1914 1928 2376 2388 2390 2398 2932 0

c WARNING: deleted clause on proof line 261304 does not occur: [0] -2957 2411 2415 0

c WARNING: deleted clause on proof line 261310 does not occur: [0] -2963 1853 1914 1920 2330 2411 2415 0

c WARNING: deleted clause on proof line 261330 does not occur: [0] -2966 1783 1809 2374 2413 2421 2425 2924 2936 0

c WARNING: deleted clause on proof line 261353 does not occur: [0] -2973 -2972 -2971 -2970 -2969 -2968 -2967 -2966 -2965 -2963 -2962 -2961 -2959 -2957 -2955 -2953 -2951 -2949 -2947 -2945 -2943 -2941 -2939 -2937 -2935 -2933 -2931 -2929 -2927 -2925 -2923 -2921 -2919 -2917 -2915 -2914 -2913 -2911 -2909 -2908 -2907 -2904 -2903 -2902 -2901 -2900 -2899 -2896 -2894 -2893 -2892 -2891 -2890 -2888 -2886 -2884 -2882 -2881 -2880 -2878 -2876 -2872 -2864 -2862 -2859 -2858 -2855 -2441 -2440 -2439 -2438 -2437 -2436 -2430 -2429 -2428 -2426 -2424 -2422 -2417 -2416 -2414 -2407 -2399 -2397 -2391 -2389 -2381 -2379 -2377 -2375 -2347 -2343 -2341 -2339 -2336 -2335 -2333 -2331 -2326 -2195 -2188 -1929 -1927 -1925 -1923 -1915 -1913 -1903 -1901 -1812 -1810 0

c WARNING: deleted clause on proof line 261362 does not occur: [0] -2993 1906 1942 1944 2540 2988 2989 0

c WARNING: deleted clause on proof line 261370 does not occur: [0] -2997 1906 1918 1946 1948 2538 2540 2989 0

c WARNING: deleted clause on proof line 261668 does not occur: [0] -3103 176 185 186 187 188 198 569 690 691 692 0

c WARNING: deleted clause on proof line 261679 does not occur: [0] -3104 1920 2368 2370 2372 2898 3100 3103 0

c WARNING: deleted clause on proof line 261687 does not occur: [0] -3106 185 196 203 204 205 206 212 587 708 709 710 1013 1140 1147 1154 0

c WARNING: deleted clause on proof line 261717 does not occur: [0] -3111 1877 1920 2345 2370 2372 3100 0

c WARNING: deleted clause on proof line 261738 does not occur: [0] -3115 1920 1932 2382 2392 2394 2402 3108 0

c WARNING: deleted clause on proof line 261762 does not occur: [0] -3119 1920 2382 2390 2394 2402 2964 3116 0

c WARNING: deleted clause on proof line 262032 does not occur: [0] -3183 243 254 263 264 265 266 700 754 755 756 800 839 1140 1183 1201 1256 0

c WARNING: deleted clause on proof line 262115 does not occur: [0] -3221 1775 1783 2370 2382 2384 3108 3220 0

c WARNING: deleted clause on proof line 262131 does not occur: [0] -3236 244 253 254 255 266 690 745 790 829 1065 1132 1184 1193 1202 1248 0

c WARNING: deleted clause on proof line 262222 does not occur: [0] -3248 1775 2370 2378 2384 3108 3165 3220 3236 0

c WARNING: deleted clause on proof line 262274 does not occur: [0] -3283 3103 3158 3203 3273 3274 3278 0

c WARNING: deleted clause on proof line 262305 does not occur: [0] -3289 3103 3106 3159 3208 3276 3279 3284 0

c WARNING: deleted clause on proof line 262325 does not occur: [0] -3305 254 255 691 745 0

c WARNING: deleted clause on proof line 262348 does not occur: [0] -3320 3103 3203 3255 3273 3278 3299 0

c WARNING: deleted clause on proof line 262380 does not occur: [0] -3326 2355 2434 3103 3236 3305 3307 3315 3325 0

c WARNING: deleted clause on proof line 262402 does not occur: [0] -3332 3103 3116 3244 3305 3315 3317 3325 0

c WARNING: deleted clause on proof line 262455 does not occur: [0] -3352 1877 2345 2368 2372 2898 3103 0

c WARNING: deleted clause on proof line 262508 does not occur: [0] -3360 3103 3159 3258 3276 3284 3339 0

c WARNING: deleted clause on proof line 262526 does not occur: [0] -3363 2355 3103 3167 3305 3315 3325 3345 0

c WARNING: deleted clause on proof line 262544 does not occur: [0] -3366 3103 3172 3305 3315 3325 3355 0

c WARNING: deleted clause on proof line 262622 does not occur: [0] -3440 3106 3162 3286 3383 3429 3431 3435 0

c WARNING: deleted clause on proof line 262632 does not occur: [0] -3449 254 265 272 273 709 759 1147 1201 0

c WARNING: deleted clause on proof line 262693 does not occur: [0] -3461 3106 3208 3258 3276 3279 3339 0

c WARNING: deleted clause on proof line 262771 does not occur: [0] -3469 2360 2674 2747 3106 3347 3449 3458 3468 0

c WARNING: deleted clause on proof line 262825 does not occur: [0] -3477 3106 3357 3399 3449 3456 3458 3468 0

c WARNING: deleted clause on proof line 262861 does not occur: [0] -3503 3106 3162 3419 3431 3435 3482 0

c WARNING: deleted clause on proof line 262888 does not occur: [0] -3507 2360 2434 3106 3183 3449 3458 3468 3488 0

c WARNING: deleted clause on proof line 262927 does not occur: [0] -3511 3106 3116 3185 3449 3458 3468 3498 0

c WARNING: deleted clause on proof line 262966 does not occur: [0] -3551 2736 2747 3208 3347 3357 3449 3550 0

c WARNING: deleted clause on proof line 262987 does not occur: [0] -3571 2736 3208 3236 3238 3347 3357 3550 3562 0

c WARNING: deleted clause on proof line 263140 does not occur: [0] -3678 347 353 354 355 363 767 1277 1284 1291 0

c WARNING: deleted clause on proof line 263202 does not occur: [0] -3692 345 1275 0

c WARNING: deleted clause on proof line 263236 does not occur: [0] -3711 1924 2421 2912 3052 3088 3645 0

c WARNING: deleted clause on proof line 263243 does not occur: [0] -3712 1647 1924 2425 2549 2910 2912 3645 0

c WARNING: deleted clause on proof line 263251 does not occur: [0] -3713 1924 2374 2376 2378 2382 2432 0

c WARNING: deleted clause on proof line 263258 does not occur: [0] -3714 1647 1783 2376 2382 2384 2432 2434 0

c WARNING: deleted clause on proof line 263350 does not occur: [0] -3729 1924 1940 1944 2912 3645 3725 3728 0

c WARNING: deleted clause on proof line 263363 does not occur: [0] -3731 1647 1699 1924 1948 2912 2922 3645 3730 0

c WARNING: deleted clause on proof line 263382 does not occur: [0] -3734 347 354 362 363 364 365 385 776 813 814 815 816 817 846 867 1277 1284 1291 1305 1332 1365 0

c WARNING: deleted clause on proof line 263404 does not occur: [0] -3736 354 363 375 376 385 394 827 828 874 1284 1291 1305 1312 1372 0

c WARNING: deleted clause on proof line 263527 does not occur: [0] -3763 413 414 415 428 776 815 844 845 846 847 867 1291 1332 1346 1365 0

c WARNING: deleted clause on proof line 263571 does not occur: [0] -3767 363 384 385 386 387 394 401 798 835 836 837 838 839 860 881 1291 1305 1312 1319 1346 1379 0

c WARNING: deleted clause on proof line 263582 does not occur: [0] -3780 1783 2378 2382 2384 3165 3236 0

c WARNING: deleted clause on proof line 263635 does not occur: [0] -3800 2382 2394 2400 2402 3220 3678 0

c WARNING: deleted clause on proof line 263706 does not occur: [0] -3981 2434 3167 3236 3305 3307 3345 0

c WARNING: deleted clause on proof line 263723 does not occur: [0] -3984 2434 2674 2747 3183 3347 3449 3488 0

c WARNING: deleted clause on proof line 263805 does not occur: [0] -4008 3214 3236 3305 3307 3540 0

c WARNING: deleted clause on proof line 263811 does not occur: [0] -4009 2747 3236 3238 3347 3449 3562 0

c WARNING: deleted clause on proof line 263819 does not occur: [0] -4011 3194 3203 3236 3305 3307 3317 4010 0

c WARNING: deleted clause on proof line 264128 does not occur: [0] -4264 2747 2762 3486 3490 3628 4112 0

c WARNING: deleted clause on proof line 264147 does not occur: [0] -4279 2737 2747 3429 3486 3490 3500 3628 4278 0

c WARNING: deleted clause on proof line 264290 does not occur: [0] -4484 2944 3043 3084 3717 3719 3763 0

c WARNING: deleted clause on proof line 264305 does not occur: [0] -4493 3047 3086 3112 3717 3719 3763 4492 0

c WARNING: deleted clause on proof line 264346 does not occur: [0] -4514 1928 2944 3043 3084 3674 3717 3721 0

c WARNING: deleted clause on proof line 264354 does not occur: [0] -4520 1932 3047 3086 3112 3678 3719 3723 0

c WARNING: deleted clause on proof line 264436 does not occur: [0] -4670 3178 3180 3226 3472 3763 3991 0

c WARNING: deleted clause on proof line 264487 does not occur: [0] -4689 2964 3176 3178 3180 3226 3763 3803 0

c WARNING: deleted clause on proof line 264522 does not occur: [0] -4707 3763 3765 4430 4556 4684 4686 4698 0

c WARNING: deleted clause on proof line 264530 does not occur: [0] -4715 1928 3674 3717 3719 3721 3763 0

c WARNING: deleted clause on proof line 264537 does not occur: [0] -4716 1932 3678 3717 3719 3723 3763 4492 0

c WARNING: deleted clause on proof line 264569 does not occur: [0] -4732 3763 3765 4684 4690 4698 4721 0

c finished parsing

c detected empty clause; start verification via backward checking

c 28280 of 139662 clauses in core                            

c 12847 of 21442 lemmas in core using 1051105 resolution steps

c 0 RAT lemmas in core; 27147 redundant literals in core lemmas

s VERIFIED

c verification time: 0.624 seconds
