
c parsing input formula with 4497 variables and 135073 clauses

c WARNING: deleted clause on proof line 269787 does not occur: [0] -1465 483 484 485 486 487 921 926 933 940 945 0

c WARNING: deleted clause on proof line 269853 does not occur: [0] -1537 485 933 0

c WARNING: deleted clause on proof line 269876 does not occur: [0] -1579 473 921 0

c WARNING: deleted clause on proof line 269951 does not occur: [0] -1611 5 10 15 16 17 18 19 26 37 473 543 544 546 547 921 987 992 0

c WARNING: deleted clause on proof line 270035 does not occur: [0] -1675 478 926 0

c WARNING: deleted clause on proof line 270040 does not occur: [0] -1677 484 932 0

c WARNING: deleted clause on proof line 270044 does not occur: [0] -1679 485 933 0

c WARNING: deleted clause on proof line 270096 does not occur: [0] -1695 10 17 24 25 26 27 28 37 48 478 552 553 555 556 926 992 0

c WARNING: deleted clause on proof line 270122 does not occur: [0] -1697 16 25 34 35 36 37 38 47 56 484 562 932 998 1005 1019 1026 0

c WARNING: deleted clause on proof line 270149 does not occur: [0] -1699 17 26 35 36 37 38 39 48 57 485 933 0

c WARNING: deleted clause on proof line 270294 does not occur: [0] -1813 492 940 0

c WARNING: deleted clause on proof line 270315 does not occur: [0] -1817 26 37 46 47 48 49 50 57 64 492 574 575 577 578 940 1034 0

c WARNING: deleted clause on proof line 270398 does not occur: [0] -1870 1465 1665 1667 1679 1864 1865 1869 0

c WARNING: deleted clause on proof line 270406 does not occur: [0] -1872 483 931 0

c WARNING: deleted clause on proof line 270409 does not occur: [0] -1873 486 934 0

c WARNING: deleted clause on proof line 270417 does not occur: [0] -1875 487 935 0

c WARNING: deleted clause on proof line 270420 does not occur: [0] -1876 1465 1537 1667 1677 1679 1872 1873 1875 0

c WARNING: deleted clause on proof line 270429 does not occur: [0] -1879 15 24 33 34 35 36 37 46 55 483 561 562 931 997 1004 1018 1025 0

c WARNING: deleted clause on proof line 270477 does not occur: [0] -1883 18 27 36 37 38 39 40 49 58 486 568 934 1000 1007 1021 1028 0

c WARNING: deleted clause on proof line 270503 does not occur: [0] -1885 19 28 37 38 39 40 41 50 59 487 568 569 935 1001 1008 1022 1029 0

c WARNING: deleted clause on proof line 270536 does not occur: [0] -1908 1465 1572 1663 1667 1679 1809 1907 0

c WARNING: deleted clause on proof line 270546 does not occur: [0] -1911 497 945 0

c WARNING: deleted clause on proof line 270549 does not occur: [0] -1912 1465 1537 1579 1667 1675 1679 1813 1911 0

c WARNING: deleted clause on proof line 270569 does not occur: [0] -1915 37 48 55 56 57 58 59 64 69 497 583 584 586 587 945 1034 1039 0

c WARNING: deleted clause on proof line 270608 does not occur: [0] -1926 -1925 -1918 -1916 -1914 -1912 -1910 -1908 -1906 -1888 -1886 -1884 -1882 -1881 -1880 -1878 -1876 -1874 -1870 -1866 -1860 -1858 -1856 -1853 -1850 -1848 -1844 -1842 -1840 -1837 -1834 -1832 -1823 -1820 -1818 -1816 -1814 -1812 -1810 -1808 -1800 -1798 -1796 -1793 -1792 -1790 -1788 -1786 -1784 -1783 -1782 -1780 -1778 -1776 -1772 -1768 -1762 -1760 -1758 -1755 -1752 -1750 -1746 -1744 -1742 -1739 -1736 -1734 -1714 -1711 -1710 -1709 -1700 -1698 -1696 -1694 -1692 -1691 -1690 -1689 -1552 -1550 -1548 -1546 -1538 -1536 -1520 -1517 -1480 -1478 -1476 -1474 -1466 -1464 -1448 -1445 0

c WARNING: deleted clause on proof line 270666 does not occur: [0] -2004 -2003 -1999 -1998 -1996 -1993 -1992 -1991 -1990 -1988 -1986 -1985 -1984 -1983 -1982 -1980 -1978 -1976 -1968 -1966 -1964 -1962 -1960 -1958 -1956 -1954 -1950 -1946 -1944 -1942 -1939 -1936 -1934 -1932 -1929 -1916 -1912 -1908 -1886 -1884 -1882 -1881 -1880 -1876 -1870 -1860 -1856 -1853 -1850 -1844 -1840 -1837 -1834 -1818 -1814 -1810 -1798 -1796 -1793 -1792 -1788 -1786 -1784 -1783 -1782 -1778 -1772 -1762 -1758 -1755 -1752 -1746 -1742 -1739 -1736 -1710 -1700 -1696 -1692 -1690 -1552 -1550 -1548 -1546 -1541 -1538 -1524 -1520 -1480 -1478 -1476 -1474 -1469 -1466 -1452 -1448 0

c WARNING: deleted clause on proof line 270735 does not occur: [0] -2092 -2091 -2087 -2086 -2084 -2082 -2080 -2078 -2076 -2074 -2072 -2064 -2062 -2060 -2058 -2057 -2055 -2053 -2051 -2050 -2049 -2048 -2046 -2044 -2042 -2039 -2035 -2030 -2028 -2026 -2023 -2021 -2017 -2015 -2013 -2010 -2008 -1944 -1934 -1918 -1916 -1914 -1912 -1910 -1908 -1906 -1888 -1886 -1884 -1882 -1881 -1880 -1878 -1876 -1874 -1870 -1866 -1860 -1858 -1856 -1853 -1850 -1848 -1844 -1842 -1840 -1837 -1834 -1832 -1820 -1818 -1816 -1762 -1760 -1746 -1744 -1714 -1711 -1700 -1698 -1696 -1694 -1692 -1691 -1552 -1550 -1548 -1546 -1538 -1536 -1480 -1478 -1476 -1474 -1466 -1464 0

c WARNING: deleted clause on proof line 270998 does not occur: [0] -2225 -2224 -2219 -2209 -2207 -2205 -2203 -2200 -2199 -2197 -2190 -2187 -2185 -2183 -2181 -2179 -2178 -2177 -2175 -2174 -2173 -2132 -2131 -2130 -2129 -2124 -2123 -2114 -2113 -2087 -1968 -1918 -1912 -1910 -1888 -1882 -1881 -1876 -1874 -1860 -1858 -1856 -1853 -1850 -1848 -1823 -1820 -1814 -1812 -1800 -1798 -1796 -1793 -1792 -1790 -1784 -1783 -1778 -1776 -1762 -1760 -1758 -1755 -1752 -1750 -1723 -1722 -1721 -1714 -1711 -1710 -1709 -1700 -1698 -1696 -1694 -1552 -1550 -1548 -1546 -1538 -1536 -1520 -1517 0

c WARNING: deleted clause on proof line 271059 does not occur: [0] -2253 -2252 -2250 -2249 -2247 -2245 -2244 -2241 -2239 -2237 -2235 -2233 -2231 -2228 -2207 -2203 -2200 -2199 -2185 -2183 -2179 -2177 -2175 -2174 -2132 -2131 -2130 -2129 -2126 -2124 -2116 -2114 -1999 -1998 -1996 -1993 -1992 -1991 -1986 -1985 -1982 -1980 -1968 -1966 -1964 -1958 -1956 -1946 -1944 -1942 -1939 -1912 -1884 -1882 -1876 -1860 -1856 -1853 -1850 -1814 -1800 -1798 -1796 -1793 -1792 -1786 -1784 -1778 -1762 -1758 -1755 -1752 -1722 -1710 -1700 -1696 -1552 -1550 -1548 -1546 -1541 -1538 -1524 -1520 0

c WARNING: deleted clause on proof line 271115 does not occur: [0] -2285 -2284 -2282 -2281 -2279 -2275 -2273 -2271 -2270 -2268 -2266 -2264 -2262 -2259 -2257 -2233 -2219 -2209 -2207 -2205 -2203 -2200 -2199 -2197 -2179 -2178 -2132 -2131 -2130 -2129 -2124 -2123 -2087 -2086 -2084 -2078 -2076 -2064 -2062 -2060 -2058 -2057 -2055 -2050 -2049 -2044 -2042 -2030 -2028 -2026 -2023 -2021 -1944 -1918 -1912 -1910 -1888 -1882 -1881 -1876 -1874 -1860 -1858 -1856 -1853 -1850 -1848 -1823 -1820 -1818 -1816 -1762 -1760 -1723 -1714 -1711 -1700 -1698 -1552 -1550 -1548 -1546 -1538 -1536 0

c finished parsing

c detected empty clause; start verification via backward checking

c 29559 of 135073 clauses in core                            

c 23867 of 38664 lemmas in core using 2068422 resolution steps

c 0 RAT lemmas in core; 46407 redundant literals in core lemmas

s VERIFIED

c verification time: 1.133 seconds
